=== BUILD AGGREGATE TARGET StaticFramework-iOS OF PROJECT StaticFramework WITH CONFIGURATION Release ===
Check dependencies

PhaseScriptExecution "Build Static Lib" build/StaticFramework.build/Release-iphoneos/StaticFramework-iOS.build/Script-012521DA14CDC9BC00E12214.sh
    cd /Users/cwiles/Desktop/StaticFramework
    setenv ACTION build
    setenv AD_HOC_CODE_SIGNING_ALLOWED NO
    setenv ALTERNATE_GROUP staff
    setenv ALTERNATE_MODE u+w,go-w,a+rX
    setenv ALTERNATE_OWNER cwiles
    setenv ALWAYS_SEARCH_USER_PATHS NO
    setenv APPLE_INTERNAL_DEVELOPER_DIR /AppleInternal/Developer
    setenv APPLE_INTERNAL_DIR /AppleInternal
    setenv APPLE_INTERNAL_DOCUMENTATION_DIR /AppleInternal/Documentation
    setenv APPLE_INTERNAL_LIBRARY_DIR /AppleInternal/Library
    setenv APPLE_INTERNAL_TOOLS /AppleInternal/Developer/Tools
    setenv APPLY_RULES_IN_COPY_FILES NO
    setenv ARCHS armv7
    setenv ARCHS_STANDARD_32_64_BIT armv7
    setenv ARCHS_STANDARD_32_BIT armv7
    setenv ARCHS_UNIVERSAL_IPHONE_OS armv7
    setenv AVAILABLE_PLATFORMS "iphonesimulator macosx iphoneos"
    setenv BUILD_COMPONENTS "headers build"
    setenv BUILD_DIR /Users/cwiles/Desktop/StaticFramework/build
    setenv BUILD_ROOT /Users/cwiles/Desktop/StaticFramework/build
    setenv BUILD_STYLE 
    setenv BUILD_VARIANTS normal
    setenv BUILT_PRODUCTS_DIR /Users/cwiles/Desktop/StaticFramework/build/Release-iphoneos
    setenv CACHE_ROOT /var/folders/9m/1mj32x616fq7lqnkwjlbgsv00000gp/C/com.apple.Xcode.502
    setenv CCHROOT /var/folders/9m/1mj32x616fq7lqnkwjlbgsv00000gp/C/com.apple.Xcode.502
    setenv CHMOD /bin/chmod
    setenv CHOWN /usr/sbin/chown
    setenv CLASS_FILE_DIR /Users/cwiles/Desktop/StaticFramework/build/StaticFramework.build/Release-iphoneos/StaticFramework-iOS.build/JavaClasses
    setenv CLEAN_PRECOMPS YES
    setenv CLONE_HEADERS NO
    setenv CODESIGNING_FOLDER_PATH /Users/cwiles/Desktop/StaticFramework/build/Release-iphoneos/
    setenv CODE_SIGNING_REQUIRED YES
    setenv CODE_SIGN_CONTEXT_CLASS XCiPhoneOSCodeSignContext
    setenv COMMAND_MODE legacy
    setenv COMPOSITE_SDK_DIRS /var/folders/9m/1mj32x616fq7lqnkwjlbgsv00000gp/C/com.apple.Xcode.502/CompositeSDKs
    setenv COMPRESS_PNG_FILES YES
    setenv CONFIGURATION Release
    setenv CONFIGURATION_BUILD_DIR /Users/cwiles/Desktop/StaticFramework/build/Release-iphoneos
    setenv CONFIGURATION_TEMP_DIR /Users/cwiles/Desktop/StaticFramework/build/StaticFramework.build/Release-iphoneos
    setenv COPYING_PRESERVES_HFS_DATA NO
    setenv COPY_PHASE_STRIP YES
    setenv COPY_RESOURCES_FROM_STATIC_FRAMEWORKS YES
    setenv CP /bin/cp
    setenv CURRENT_ARCH armv7
    setenv CURRENT_VARIANT normal
    setenv DEAD_CODE_STRIPPING YES
    setenv DEBUGGING_SYMBOLS YES
    setenv DEBUG_INFORMATION_FORMAT dwarf-with-dsym
    setenv DEFAULT_COMPILER com.apple.compilers.llvm.clang.1_0
    setenv DEPLOYMENT_LOCATION NO
    setenv DEPLOYMENT_POSTPROCESSING NO
    setenv DERIVED_FILES_DIR /Users/cwiles/Desktop/StaticFramework/build/StaticFramework.build/Release-iphoneos/StaticFramework-iOS.build/DerivedSources
    setenv DERIVED_FILE_DIR /Users/cwiles/Desktop/StaticFramework/build/StaticFramework.build/Release-iphoneos/StaticFramework-iOS.build/DerivedSources
    setenv DERIVED_SOURCES_DIR /Users/cwiles/Desktop/StaticFramework/build/StaticFramework.build/Release-iphoneos/StaticFramework-iOS.build/DerivedSources
    setenv DEVELOPER_APPLICATIONS_DIR /Developer/Applications
    setenv DEVELOPER_BIN_DIR /Developer/usr/bin
    setenv DEVELOPER_DIR /Developer
    setenv DEVELOPER_FRAMEWORKS_DIR /Developer/Library/Frameworks
    setenv DEVELOPER_FRAMEWORKS_DIR_QUOTED "\"/Developer/Library/Frameworks\""
    setenv DEVELOPER_LIBRARY_DIR /Developer/Library
    setenv DEVELOPER_SDK_DIR /Developer/SDKs
    setenv DEVELOPER_TOOLS_DIR /Developer/Tools
    setenv DEVELOPER_USR_DIR /Developer/usr
    setenv DEVELOPMENT_LANGUAGE English
    setenv DO_HEADER_SCANNING_IN_JAM NO
    setenv DSTROOT /tmp/StaticFramework.dst
    setenv DWARF_DSYM_FILE_NAME .dSYM
    setenv DWARF_DSYM_FILE_SHOULD_ACCOMPANY_PRODUCT NO
    setenv DWARF_DSYM_FOLDER_PATH /Users/cwiles/Desktop/StaticFramework/build/Release-iphoneos
    setenv EFFECTIVE_PLATFORM_NAME -iphoneos
    setenv EMBEDDED_PROFILE_NAME embedded.mobileprovision
    setenv ENABLE_HEADER_DEPENDENCIES YES
    setenv ENABLE_OPENMP_SUPPORT NO
    setenv ENTITLEMENTS_REQUIRED YES
    setenv EXCLUDED_INSTALLSRC_SUBDIRECTORY_PATTERNS ".DS_Store .svn .git .hg CVS"
    setenv EXCLUDED_RECURSIVE_SEARCH_PATH_SUBDIRECTORIES "*.nib *.lproj *.framework *.gch (*) .DS_Store CVS .svn .git .hg *.xcodeproj *.xcode *.pbproj *.pbxproj"
    setenv FILE_LIST /Users/cwiles/Desktop/StaticFramework/build/StaticFramework.build/Release-iphoneos/StaticFramework-iOS.build/Objects/LinkFileList
    setenv FIXED_FILES_DIR /Users/cwiles/Desktop/StaticFramework/build/StaticFramework.build/Release-iphoneos/StaticFramework-iOS.build/FixedFiles
    setenv FRAMEWORK_VERSION A
    setenv GCC3_VERSION 3.3
    setenv GCC_C_LANGUAGE_STANDARD gnu99
    setenv GCC_PFE_FILE_C_DIALECTS "c objective-c c++ objective-c++"
    setenv GCC_THUMB_SUPPORT YES
    setenv GCC_TREAT_WARNINGS_AS_ERRORS NO
    setenv GCC_VERSION com.apple.compilers.llvm.clang.1_0
    setenv GCC_VERSION_IDENTIFIER com_apple_compilers_llvm_clang_1_0
    setenv GCC_WARN_ABOUT_MISSING_PROTOTYPES YES
    setenv GCC_WARN_ABOUT_RETURN_TYPE YES
    setenv GCC_WARN_UNUSED_VARIABLE YES
    setenv GENERATE_MASTER_OBJECT_FILE NO
    setenv GENERATE_PKGINFO_FILE NO
    setenv GENERATE_PROFILING_CODE NO
    setenv GID 20
    setenv GROUP staff
    setenv HEADERMAP_INCLUDES_FLAT_ENTRIES_FOR_TARGET_BEING_BUILT YES
    setenv HEADERMAP_INCLUDES_FRAMEWORK_ENTRIES_FOR_ALL_PRODUCT_TYPES YES
    setenv HEADERMAP_INCLUDES_NONPUBLIC_NONPRIVATE_HEADERS YES
    setenv HEADERMAP_INCLUDES_PROJECT_HEADERS YES
    setenv ICONV /usr/bin/iconv
    setenv INFOPLIST_EXPAND_BUILD_SETTINGS YES
    setenv INFOPLIST_OUTPUT_FORMAT binary
    setenv INFOPLIST_PREPROCESS NO
    setenv INSTALL_DIR /tmp/StaticFramework.dst
    setenv INSTALL_GROUP staff
    setenv INSTALL_MODE_FLAG u+w,go-w,a+rX
    setenv INSTALL_OWNER cwiles
    setenv INSTALL_ROOT /tmp/StaticFramework.dst
    setenv IPHONEOS_DEPLOYMENT_TARGET 5.0
    setenv JAVAC_DEFAULT_FLAGS "-J-Xms64m -J-XX:NewSize=4M -J-Dfile.encoding=UTF8"
    setenv JAVA_APP_STUB /System/Library/Frameworks/JavaVM.framework/Resources/MacOS/JavaApplicationStub
    setenv JAVA_ARCHIVE_CLASSES YES
    setenv JAVA_ARCHIVE_TYPE JAR
    setenv JAVA_COMPILER /usr/bin/javac
    setenv JAVA_FRAMEWORK_RESOURCES_DIRS Resources
    setenv JAVA_JAR_FLAGS cv
    setenv JAVA_SOURCE_SUBDIR .
    setenv JAVA_USE_DEPENDENCIES YES
    setenv JAVA_ZIP_FLAGS -urg
    setenv JIKES_DEFAULT_FLAGS "+E +OLDCSO"
    setenv KEEP_PRIVATE_EXTERNS NO
    setenv LD_GENERATE_MAP_FILE NO
    setenv LD_MAP_FILE_PATH /Users/cwiles/Desktop/StaticFramework/build/StaticFramework.build/Release-iphoneos/StaticFramework-iOS.build/StaticFramework-iOS-LinkMap-normal-armv7.txt
    setenv LD_NO_PIE NO
    setenv LD_OPENMP_FLAGS -fopenmp
    setenv LEGACY_DEVELOPER_DIR /Developer/Library/Xcode/PrivatePlugIns/Xcode3Core.ideplugin/Contents/SharedSupport/Developer
    setenv LEX /Developer/usr/bin/lex
    setenv LINKER_DISPLAYS_MANGLED_NAMES NO
    setenv LINK_FILE_LIST_normal_armv7 
    setenv LINK_WITH_STANDARD_LIBRARIES YES
    setenv LOCAL_ADMIN_APPS_DIR /Applications/Utilities
    setenv LOCAL_APPS_DIR /Applications
    setenv LOCAL_DEVELOPER_DIR /Library/Developer
    setenv LOCAL_LIBRARY_DIR /Library
    setenv MAC_OS_X_PRODUCT_BUILD_VERSION 11C74
    setenv MAC_OS_X_VERSION_ACTUAL 1072
    setenv MAC_OS_X_VERSION_MAJOR 1070
    setenv MAC_OS_X_VERSION_MINOR 0702
    setenv NATIVE_ARCH armv7
    setenv NATIVE_ARCH_32_BIT i386
    setenv NATIVE_ARCH_64_BIT x86_64
    setenv NATIVE_ARCH_ACTUAL x86_64
    setenv NO_COMMON YES
    setenv OBJECT_FILE_DIR /Users/cwiles/Desktop/StaticFramework/build/StaticFramework.build/Release-iphoneos/StaticFramework-iOS.build/Objects
    setenv OBJECT_FILE_DIR_normal /Users/cwiles/Desktop/StaticFramework/build/StaticFramework.build/Release-iphoneos/StaticFramework-iOS.build/Objects-normal
    setenv OBJROOT /Users/cwiles/Desktop/StaticFramework/build
    setenv ONLY_ACTIVE_ARCH NO
    setenv OPTIMIZATION_LEVEL 0
    setenv OS MACOS
    setenv OSAC /usr/bin/osacompile
    setenv PASCAL_STRINGS YES
    setenv PATH "/Developer/Platforms/iPhoneOS.platform/Developer/usr/bin:/Developer/usr/bin:/Users/cwiles/.rbenv/shims:/usr/local/bin:/usr/bin:/bin:/usr/sbin:/sbin:/usr/X11/bin:/Users/cwiles/bin:/Users/cwiles/Scripts"
    setenv PATH_PREFIXES_EXCLUDED_FROM_HEADER_DEPENDENCIES "/usr/include /usr/local/include /System/Library/Frameworks /System/Library/PrivateFrameworks /Developer/Headers /Developer/SDKs /Developer/Platforms"
    setenv PKGINFO_FILE_PATH /Users/cwiles/Desktop/StaticFramework/build/StaticFramework.build/Release-iphoneos/StaticFramework-iOS.build/PkgInfo
    setenv PLATFORM_DEVELOPER_APPLICATIONS_DIR /Developer/Platforms/iPhoneOS.platform/Developer/Applications
    setenv PLATFORM_DEVELOPER_BIN_DIR /Developer/Platforms/iPhoneOS.platform/Developer/usr/bin
    setenv PLATFORM_DEVELOPER_LIBRARY_DIR /Developer/Library/Xcode/PrivatePlugIns/Xcode3Core.ideplugin/Contents/SharedSupport/Developer/Library
    setenv PLATFORM_DEVELOPER_SDK_DIR /Developer/Platforms/iPhoneOS.platform/Developer/SDKs
    setenv PLATFORM_DEVELOPER_TOOLS_DIR /Developer/Platforms/iPhoneOS.platform/Developer/Tools
    setenv PLATFORM_DEVELOPER_USR_DIR /Developer/Platforms/iPhoneOS.platform/Developer/usr
    setenv PLATFORM_DIR /Developer/Platforms/iPhoneOS.platform
    setenv PLATFORM_NAME iphoneos
    setenv PLATFORM_PREFERRED_ARCH i386
    setenv PLATFORM_PRODUCT_BUILD_VERSION 9A334
    setenv PLIST_FILE_OUTPUT_FORMAT binary
    setenv PRECOMPS_INCLUDE_HEADERS_FROM_BUILT_PRODUCTS_DIR YES
    setenv PRECOMP_DESTINATION_DIR /Users/cwiles/Desktop/StaticFramework/build/StaticFramework.build/Release-iphoneos/StaticFramework-iOS.build/PrefixHeaders
    setenv PRESERVE_DEAD_CODE_INITS_AND_TERMS NO
    setenv PRODUCT_NAME StaticFramework-iOS
    setenv PRODUCT_SETTINGS_PATH 
    setenv PROFILING_CODE NO
    setenv PROJECT StaticFramework
    setenv PROJECT_DERIVED_FILE_DIR /Users/cwiles/Desktop/StaticFramework/build/StaticFramework.build/DerivedSources
    setenv PROJECT_DIR /Users/cwiles/Desktop/StaticFramework
    setenv PROJECT_FILE_PATH /Users/cwiles/Desktop/StaticFramework/StaticFramework.xcodeproj
    setenv PROJECT_NAME StaticFramework
    setenv PROJECT_TEMP_DIR /Users/cwiles/Desktop/StaticFramework/build/StaticFramework.build
    setenv RECURSIVE_SEARCH_PATHS_FOLLOW_SYMLINKS YES
    setenv REMOVE_CVS_FROM_RESOURCES YES
    setenv REMOVE_GIT_FROM_RESOURCES YES
    setenv REMOVE_HG_FROM_RESOURCES YES
    setenv REMOVE_SVN_FROM_RESOURCES YES
    setenv REZ_COLLECTOR_DIR /Users/cwiles/Desktop/StaticFramework/build/StaticFramework.build/Release-iphoneos/StaticFramework-iOS.build/ResourceManagerResources
    setenv REZ_OBJECTS_DIR /Users/cwiles/Desktop/StaticFramework/build/StaticFramework.build/Release-iphoneos/StaticFramework-iOS.build/ResourceManagerResources/Objects
    setenv RUN_CLANG_STATIC_ANALYZER NO
    setenv SCAN_ALL_SOURCE_FILES_FOR_INCLUDES NO
    setenv SCRIPT_INPUT_FILE_COUNT 0
    setenv SCRIPT_OUTPUT_FILE_COUNT 0
    setenv SDKROOT /Developer/Platforms/iPhoneOS.platform/Developer/SDKs/iPhoneOS5.0.sdk
    setenv SDK_DIR /Developer/Platforms/iPhoneOS.platform/Developer/SDKs/iPhoneOS5.0.sdk
    setenv SDK_NAME iphoneos5.0
    setenv SDK_PRODUCT_BUILD_VERSION 9A334
    setenv SED /usr/bin/sed
    setenv SEPARATE_STRIP NO
    setenv SEPARATE_SYMBOL_EDIT NO
    setenv SET_DIR_MODE_OWNER_GROUP YES
    setenv SET_FILE_MODE_OWNER_GROUP NO
    setenv SHARED_DERIVED_FILE_DIR /Users/cwiles/Desktop/StaticFramework/build/Release-iphoneos/DerivedSources
    setenv SHARED_PRECOMPS_DIR /var/folders/9m/1mj32x616fq7lqnkwjlbgsv00000gp/C/com.apple.Xcode.502/SharedPrecompiledHeaders
    setenv SKIP_INSTALL YES
    setenv SOURCE_ROOT /Users/cwiles/Desktop/StaticFramework
    setenv SRCROOT /Users/cwiles/Desktop/StaticFramework
    setenv STRINGS_FILE_OUTPUT_ENCODING binary
    setenv STRIP_INSTALLED_PRODUCT YES
    setenv STRIP_STYLE all
    setenv SUPPORTED_DEVICE_FAMILIES 1,2
    setenv SUPPORTED_PLATFORMS "iphonesimulator iphoneos"
    setenv SYMROOT /Users/cwiles/Desktop/StaticFramework/build
    setenv SYSTEM_ADMIN_APPS_DIR /Applications/Utilities
    setenv SYSTEM_APPS_DIR /Applications
    setenv SYSTEM_CORE_SERVICES_DIR /System/Library/CoreServices
    setenv SYSTEM_DEMOS_DIR /Applications/Extras
    setenv SYSTEM_DEVELOPER_APPS_DIR /Developer/Applications
    setenv SYSTEM_DEVELOPER_BIN_DIR /Developer/usr/bin
    setenv SYSTEM_DEVELOPER_DEMOS_DIR "/Developer/Applications/Utilities/Built Examples"
    setenv SYSTEM_DEVELOPER_DIR /Developer
    setenv SYSTEM_DEVELOPER_DOC_DIR "/Developer/ADC Reference Library"
    setenv SYSTEM_DEVELOPER_GRAPHICS_TOOLS_DIR "/Developer/Applications/Graphics Tools"
    setenv SYSTEM_DEVELOPER_JAVA_TOOLS_DIR "/Developer/Applications/Java Tools"
    setenv SYSTEM_DEVELOPER_PERFORMANCE_TOOLS_DIR "/Developer/Applications/Performance Tools"
    setenv SYSTEM_DEVELOPER_RELEASENOTES_DIR "/Developer/ADC Reference Library/releasenotes"
    setenv SYSTEM_DEVELOPER_TOOLS /Developer/Tools
    setenv SYSTEM_DEVELOPER_TOOLS_DOC_DIR "/Developer/ADC Reference Library/documentation/DeveloperTools"
    setenv SYSTEM_DEVELOPER_TOOLS_RELEASENOTES_DIR "/Developer/ADC Reference Library/releasenotes/DeveloperTools"
    setenv SYSTEM_DEVELOPER_USR_DIR /Developer/usr
    setenv SYSTEM_DEVELOPER_UTILITIES_DIR /Developer/Applications/Utilities
    setenv SYSTEM_DOCUMENTATION_DIR /Library/Documentation
    setenv SYSTEM_LIBRARY_DIR /System/Library
    setenv TARGETED_DEVICE_FAMILY 1
    setenv TARGETNAME StaticFramework-iOS
    setenv TARGET_BUILD_DIR /Users/cwiles/Desktop/StaticFramework/build/Release-iphoneos
    setenv TARGET_NAME StaticFramework-iOS
    setenv TARGET_TEMP_DIR /Users/cwiles/Desktop/StaticFramework/build/StaticFramework.build/Release-iphoneos/StaticFramework-iOS.build
    setenv TEMP_DIR /Users/cwiles/Desktop/StaticFramework/build/StaticFramework.build/Release-iphoneos/StaticFramework-iOS.build
    setenv TEMP_FILES_DIR /Users/cwiles/Desktop/StaticFramework/build/StaticFramework.build/Release-iphoneos/StaticFramework-iOS.build
    setenv TEMP_FILE_DIR /Users/cwiles/Desktop/StaticFramework/build/StaticFramework.build/Release-iphoneos/StaticFramework-iOS.build
    setenv TEMP_ROOT /Users/cwiles/Desktop/StaticFramework/build
    setenv TEST_AFTER_BUILD YES
    setenv UID 502
    setenv UNSTRIPPED_PRODUCT NO
    setenv USER cwiles
    setenv USER_APPS_DIR /Users/cwiles/Applications
    setenv USER_LIBRARY_DIR /Users/cwiles/Library
    setenv USE_DYNAMIC_NO_PIC YES
    setenv USE_HEADERMAP YES
    setenv USE_HEADER_SYMLINKS NO
    setenv VALIDATE_PRODUCT YES
    setenv VALID_ARCHS armv7
    setenv VERBOSE_PBXCP NO
    setenv VERSION_INFO_BUILDER cwiles
    setenv VERSION_INFO_FILE StaticFramework-iOS_vers.c
    setenv VERSION_INFO_STRING "\"@(#)PROGRAM:StaticFramework-iOS  PROJECT:StaticFramework-\""
    setenv XCODE_APP_SUPPORT_DIR /Developer/Library/Xcode
    setenv XCODE_PRODUCT_BUILD_VERSION 4D502
    setenv XCODE_VERSION_ACTUAL 0421
    setenv XCODE_VERSION_MAJOR 0400
    setenv XCODE_VERSION_MINOR 0420
    setenv YACC /Developer/usr/bin/yacc
    /bin/sh -c /Users/cwiles/Desktop/StaticFramework/build/StaticFramework.build/Release-iphoneos/StaticFramework-iOS.build/Script-012521DA14CDC9BC00E12214.sh
Build settings from command line:
    SDKROOT = iphonesimulator5.0

=== CLEAN NATIVE TARGET StaticFramework OF PROJECT StaticFramework WITH CONFIGURATION Release ===
Check dependencies

Clean.Remove clean build/Release-iphonesimulator/libStaticFramework.a
    builtin-rm -rf /Users/cwiles/Desktop/StaticFramework/build/Release-iphonesimulator/libStaticFramework.a

Clean.Remove clean build/StaticFramework.build/Release-iphonesimulator/StaticFramework.build
    builtin-rm -rf /Users/cwiles/Desktop/StaticFramework/build/StaticFramework.build/Release-iphonesimulator/StaticFramework.build

Clean.Remove clean /var/folders/9m/1mj32x616fq7lqnkwjlbgsv00000gp/C/com.apple.Xcode.502/SharedPrecompiledHeaders/StaticFramework-Prefix-ebgncyzzcqjsebenuksdiniznbhq/StaticFramework-Prefix.pch.pth
    builtin-rm -rf /var/folders/9m/1mj32x616fq7lqnkwjlbgsv00000gp/C/com.apple.Xcode.502/SharedPrecompiledHeaders/StaticFramework-Prefix-ebgncyzzcqjsebenuksdiniznbhq/StaticFramework-Prefix.pch.pth


** CLEAN SUCCEEDED **


=== BUILD NATIVE TARGET StaticFramework OF PROJECT StaticFramework WITH CONFIGURATION Release ===
Check dependencies

ProcessPCH /var/folders/9m/1mj32x616fq7lqnkwjlbgsv00000gp/C/com.apple.Xcode.502/SharedPrecompiledHeaders/StaticFramework-Prefix-ebgncyzzcqjsebenuksdiniznbhq/StaticFramework-Prefix.pch.pth StaticFramework/StaticFramework-Prefix.pch normal i386 objective-c com.apple.compilers.llvm.clang.1_0.compiler
    cd /Users/cwiles/Desktop/StaticFramework
    setenv LANG en_US.US-ASCII
    setenv PATH "/Developer/Platforms/iPhoneSimulator.platform/Developer/usr/bin:/Developer/usr/bin:/Developer/Platforms/iPhoneOS.platform/Developer/usr/bin:/Developer/usr/bin:/Users/cwiles/.rbenv/shims:/usr/local/bin:/usr/bin:/bin:/usr/sbin:/sbin:/usr/X11/bin:/Users/cwiles/bin:/Users/cwiles/Scripts"
    /Developer/Platforms/iPhoneSimulator.platform/Developer/usr/bin/clang -x objective-c-header -arch i386 -fmessage-length=0 -fdiagnostics-print-source-range-info -fdiagnostics-show-category=id -fdiagnostics-parseable-fixits -std=gnu99 -Wno-trigraphs -fpascal-strings -Os -Wmissing-prototypes -Wreturn-type -Wparentheses -Wswitch -Wno-unused-parameter -Wunused-variable -Wunused-value -Wno-shorten-64-to-32 -isysroot /Developer/Platforms/iPhoneSimulator.platform/Developer/SDKs/iPhoneSimulator5.0.sdk -fexceptions -fasm-blocks -mmacosx-version-min=10.6 -gdwarf-2 -Wno-sign-conversion -fobjc-abi-version=2 -fobjc-legacy-dispatch "-DIBOutlet=__attribute__((iboutlet))" "-DIBOutletCollection(ClassName)=__attribute__((iboutletcollection(ClassName)))" "-DIBAction=void)__attribute__((ibaction)" -D__IPHONE_OS_VERSION_MIN_REQUIRED=50000 -iquote /Users/cwiles/Desktop/StaticFramework/build/StaticFramework.build/Release-iphonesimulator/StaticFramework.build/StaticFramework-generated-files.hmap -I/Users/cwiles/Desktop/StaticFramework/build/StaticFramework.build/Release-iphonesimulator/StaticFramework.build/StaticFramework-own-target-headers.hmap -I/Users/cwiles/Desktop/StaticFramework/build/StaticFramework.build/Release-iphonesimulator/StaticFramework.build/StaticFramework-all-target-headers.hmap -iquote /Users/cwiles/Desktop/StaticFramework/build/StaticFramework.build/Release-iphonesimulator/StaticFramework.build/StaticFramework-project-headers.hmap -I/Users/cwiles/Desktop/StaticFramework/build/Release-iphonesimulator/include -I/Users/cwiles/Desktop/StaticFramework/build/StaticFramework.build/Release-iphonesimulator/StaticFramework.build/DerivedSources/i386 -I/Users/cwiles/Desktop/StaticFramework/build/StaticFramework.build/Release-iphonesimulator/StaticFramework.build/DerivedSources -F/Users/cwiles/Desktop/StaticFramework/build/Release-iphonesimulator -c /Users/cwiles/Desktop/StaticFramework/StaticFramework/StaticFramework-Prefix.pch -o /var/folders/9m/1mj32x616fq7lqnkwjlbgsv00000gp/C/com.apple.Xcode.502/SharedPrecompiledHeaders/StaticFramework-Prefix-ebgncyzzcqjsebenuksdiniznbhq/StaticFramework-Prefix.pch.pth -MMD -MT dependencies -MF /var/folders/9m/1mj32x616fq7lqnkwjlbgsv00000gp/C/com.apple.Xcode.502/SharedPrecompiledHeaders/StaticFramework-Prefix-ebgncyzzcqjsebenuksdiniznbhq/StaticFramework-Prefix.pch.d

CompileC build/StaticFramework.build/Release-iphonesimulator/StaticFramework.build/Objects-normal/i386/StaticFramework.o StaticFramework/StaticFramework.m normal i386 objective-c com.apple.compilers.llvm.clang.1_0.compiler
    cd /Users/cwiles/Desktop/StaticFramework
    setenv LANG en_US.US-ASCII
    setenv PATH "/Developer/Platforms/iPhoneSimulator.platform/Developer/usr/bin:/Developer/usr/bin:/Developer/Platforms/iPhoneOS.platform/Developer/usr/bin:/Developer/usr/bin:/Users/cwiles/.rbenv/shims:/usr/local/bin:/usr/bin:/bin:/usr/sbin:/sbin:/usr/X11/bin:/Users/cwiles/bin:/Users/cwiles/Scripts"
    /Developer/Platforms/iPhoneSimulator.platform/Developer/usr/bin/clang -x objective-c -arch i386 -fmessage-length=0 -fdiagnostics-print-source-range-info -fdiagnostics-show-category=id -fdiagnostics-parseable-fixits -std=gnu99 -Wno-trigraphs -fpascal-strings -Os -Wmissing-prototypes -Wreturn-type -Wparentheses -Wswitch -Wno-unused-parameter -Wunused-variable -Wunused-value -Wno-shorten-64-to-32 -isysroot /Developer/Platforms/iPhoneSimulator.platform/Developer/SDKs/iPhoneSimulator5.0.sdk -fexceptions -fasm-blocks -mmacosx-version-min=10.6 -gdwarf-2 -Wno-sign-conversion -fobjc-abi-version=2 -fobjc-legacy-dispatch "-DIBOutlet=__attribute__((iboutlet))" "-DIBOutletCollection(ClassName)=__attribute__((iboutletcollection(ClassName)))" "-DIBAction=void)__attribute__((ibaction)" -D__IPHONE_OS_VERSION_MIN_REQUIRED=50000 -iquote /Users/cwiles/Desktop/StaticFramework/build/StaticFramework.build/Release-iphonesimulator/StaticFramework.build/StaticFramework-generated-files.hmap -I/Users/cwiles/Desktop/StaticFramework/build/StaticFramework.build/Release-iphonesimulator/StaticFramework.build/StaticFramework-own-target-headers.hmap -I/Users/cwiles/Desktop/StaticFramework/build/StaticFramework.build/Release-iphonesimulator/StaticFramework.build/StaticFramework-all-target-headers.hmap -iquote /Users/cwiles/Desktop/StaticFramework/build/StaticFramework.build/Release-iphonesimulator/StaticFramework.build/StaticFramework-project-headers.hmap -I/Users/cwiles/Desktop/StaticFramework/build/Release-iphonesimulator/include -I/Users/cwiles/Desktop/StaticFramework/build/StaticFramework.build/Release-iphonesimulator/StaticFramework.build/DerivedSources/i386 -I/Users/cwiles/Desktop/StaticFramework/build/StaticFramework.build/Release-iphonesimulator/StaticFramework.build/DerivedSources -F/Users/cwiles/Desktop/StaticFramework/build/Release-iphonesimulator -include /var/folders/9m/1mj32x616fq7lqnkwjlbgsv00000gp/C/com.apple.Xcode.502/SharedPrecompiledHeaders/StaticFramework-Prefix-ebgncyzzcqjsebenuksdiniznbhq/StaticFramework-Prefix.pch -MMD -MT dependencies -MF /Users/cwiles/Desktop/StaticFramework/build/StaticFramework.build/Release-iphonesimulator/StaticFramework.build/Objects-normal/i386/StaticFramework.d -c /Users/cwiles/Desktop/StaticFramework/StaticFramework/StaticFramework.m -o /Users/cwiles/Desktop/StaticFramework/build/StaticFramework.build/Release-iphonesimulator/StaticFramework.build/Objects-normal/i386/StaticFramework.o

Libtool build/Release-iphonesimulator/libStaticFramework.a normal i386
    cd /Users/cwiles/Desktop/StaticFramework
    setenv MACOSX_DEPLOYMENT_TARGET 10.6
    setenv PATH "/Developer/Platforms/iPhoneSimulator.platform/Developer/usr/bin:/Developer/usr/bin:/Developer/Platforms/iPhoneOS.platform/Developer/usr/bin:/Developer/usr/bin:/Users/cwiles/.rbenv/shims:/usr/local/bin:/usr/bin:/bin:/usr/sbin:/sbin:/usr/X11/bin:/Users/cwiles/bin:/Users/cwiles/Scripts"
    /Developer/Platforms/iPhoneSimulator.platform/Developer/usr/bin/libtool -static -arch_only i386 -syslibroot /Developer/Platforms/iPhoneSimulator.platform/Developer/SDKs/iPhoneSimulator5.0.sdk -L/Users/cwiles/Desktop/StaticFramework/build/Release-iphonesimulator -filelist /Users/cwiles/Desktop/StaticFramework/build/StaticFramework.build/Release-iphonesimulator/StaticFramework.build/Objects-normal/i386/StaticFramework.LinkFileList -ObjC -framework Foundation -o /Users/cwiles/Desktop/StaticFramework/build/Release-iphonesimulator/libStaticFramework.a


** BUILD SUCCEEDED **

Build settings from command line:
    SDKROOT = iphoneos5.0

=== CLEAN NATIVE TARGET StaticFramework OF PROJECT StaticFramework WITH CONFIGURATION Release ===
Check dependencies

Clean.Remove clean /var/folders/9m/1mj32x616fq7lqnkwjlbgsv00000gp/C/com.apple.Xcode.502/SharedPrecompiledHeaders/StaticFramework-Prefix-dphevfghambixmdwwbnpzibqaqnn/StaticFramework-Prefix.pch.pth
    builtin-rm -rf /var/folders/9m/1mj32x616fq7lqnkwjlbgsv00000gp/C/com.apple.Xcode.502/SharedPrecompiledHeaders/StaticFramework-Prefix-dphevfghambixmdwwbnpzibqaqnn/StaticFramework-Prefix.pch.pth

Clean.Remove clean build/Release-iphoneos/libStaticFramework.a
    builtin-rm -rf /Users/cwiles/Desktop/StaticFramework/build/Release-iphoneos/libStaticFramework.a

Clean.Remove clean build/StaticFramework.build/Release-iphoneos/StaticFramework.build
    builtin-rm -rf /Users/cwiles/Desktop/StaticFramework/build/StaticFramework.build/Release-iphoneos/StaticFramework.build


** CLEAN SUCCEEDED **


=== BUILD NATIVE TARGET StaticFramework OF PROJECT StaticFramework WITH CONFIGURATION Release ===
Check dependencies

ProcessPCH /var/folders/9m/1mj32x616fq7lqnkwjlbgsv00000gp/C/com.apple.Xcode.502/SharedPrecompiledHeaders/StaticFramework-Prefix-dphevfghambixmdwwbnpzibqaqnn/StaticFramework-Prefix.pch.pth StaticFramework/StaticFramework-Prefix.pch normal armv7 objective-c com.apple.compilers.llvm.clang.1_0.compiler
    cd /Users/cwiles/Desktop/StaticFramework
    setenv LANG en_US.US-ASCII
    /Developer/Platforms/iPhoneOS.platform/Developer/usr/bin/clang -x objective-c-header -arch armv7 -fmessage-length=0 -fdiagnostics-print-source-range-info -fdiagnostics-show-category=id -fdiagnostics-parseable-fixits -std=gnu99 -Wno-trigraphs -fpascal-strings -Os -Wmissing-prototypes -Wreturn-type -Wparentheses -Wswitch -Wno-unused-parameter -Wunused-variable -Wunused-value -Wno-shorten-64-to-32 -isysroot /Developer/Platforms/iPhoneOS.platform/Developer/SDKs/iPhoneOS5.0.sdk -gdwarf-2 -Wno-sign-conversion -mthumb "-DIBOutlet=__attribute__((iboutlet))" "-DIBOutletCollection(ClassName)=__attribute__((iboutletcollection(ClassName)))" "-DIBAction=void)__attribute__((ibaction)" -miphoneos-version-min=5.0 -iquote /Users/cwiles/Desktop/StaticFramework/build/StaticFramework.build/Release-iphoneos/StaticFramework.build/StaticFramework-generated-files.hmap -I/Users/cwiles/Desktop/StaticFramework/build/StaticFramework.build/Release-iphoneos/StaticFramework.build/StaticFramework-own-target-headers.hmap -I/Users/cwiles/Desktop/StaticFramework/build/StaticFramework.build/Release-iphoneos/StaticFramework.build/StaticFramework-all-target-headers.hmap -iquote /Users/cwiles/Desktop/StaticFramework/build/StaticFramework.build/Release-iphoneos/StaticFramework.build/StaticFramework-project-headers.hmap -I/Users/cwiles/Desktop/StaticFramework/build/Release-iphoneos/include -I/Users/cwiles/Desktop/StaticFramework/build/StaticFramework.build/Release-iphoneos/StaticFramework.build/DerivedSources/armv7 -I/Users/cwiles/Desktop/StaticFramework/build/StaticFramework.build/Release-iphoneos/StaticFramework.build/DerivedSources -F/Users/cwiles/Desktop/StaticFramework/build/Release-iphoneos -c /Users/cwiles/Desktop/StaticFramework/StaticFramework/StaticFramework-Prefix.pch -o /var/folders/9m/1mj32x616fq7lqnkwjlbgsv00000gp/C/com.apple.Xcode.502/SharedPrecompiledHeaders/StaticFramework-Prefix-dphevfghambixmdwwbnpzibqaqnn/StaticFramework-Prefix.pch.pth -MMD -MT dependencies -MF /var/folders/9m/1mj32x616fq7lqnkwjlbgsv00000gp/C/com.apple.Xcode.502/SharedPrecompiledHeaders/StaticFramework-Prefix-dphevfghambixmdwwbnpzibqaqnn/StaticFramework-Prefix.pch.d

CompileC build/StaticFramework.build/Release-iphoneos/StaticFramework.build/Objects-normal/armv7/StaticFramework.o StaticFramework/StaticFramework.m normal armv7 objective-c com.apple.compilers.llvm.clang.1_0.compiler
    cd /Users/cwiles/Desktop/StaticFramework
    setenv LANG en_US.US-ASCII
    /Developer/Platforms/iPhoneOS.platform/Developer/usr/bin/clang -x objective-c -arch armv7 -fmessage-length=0 -fdiagnostics-print-source-range-info -fdiagnostics-show-category=id -fdiagnostics-parseable-fixits -std=gnu99 -Wno-trigraphs -fpascal-strings -Os -Wmissing-prototypes -Wreturn-type -Wparentheses -Wswitch -Wno-unused-parameter -Wunused-variable -Wunused-value -Wno-shorten-64-to-32 -isysroot /Developer/Platforms/iPhoneOS.platform/Developer/SDKs/iPhoneOS5.0.sdk -gdwarf-2 -Wno-sign-conversion -mthumb "-DIBOutlet=__attribute__((iboutlet))" "-DIBOutletCollection(ClassName)=__attribute__((iboutletcollection(ClassName)))" "-DIBAction=void)__attribute__((ibaction)" -miphoneos-version-min=5.0 -iquote /Users/cwiles/Desktop/StaticFramework/build/StaticFramework.build/Release-iphoneos/StaticFramework.build/StaticFramework-generated-files.hmap -I/Users/cwiles/Desktop/StaticFramework/build/StaticFramework.build/Release-iphoneos/StaticFramework.build/StaticFramework-own-target-headers.hmap -I/Users/cwiles/Desktop/StaticFramework/build/StaticFramework.build/Release-iphoneos/StaticFramework.build/StaticFramework-all-target-headers.hmap -iquote /Users/cwiles/Desktop/StaticFramework/build/StaticFramework.build/Release-iphoneos/StaticFramework.build/StaticFramework-project-headers.hmap -I/Users/cwiles/Desktop/StaticFramework/build/Release-iphoneos/include -I/Users/cwiles/Desktop/StaticFramework/build/StaticFramework.build/Release-iphoneos/StaticFramework.build/DerivedSources/armv7 -I/Users/cwiles/Desktop/StaticFramework/build/StaticFramework.build/Release-iphoneos/StaticFramework.build/DerivedSources -F/Users/cwiles/Desktop/StaticFramework/build/Release-iphoneos -include /var/folders/9m/1mj32x616fq7lqnkwjlbgsv00000gp/C/com.apple.Xcode.502/SharedPrecompiledHeaders/StaticFramework-Prefix-dphevfghambixmdwwbnpzibqaqnn/StaticFramework-Prefix.pch -MMD -MT dependencies -MF /Users/cwiles/Desktop/StaticFramework/build/StaticFramework.build/Release-iphoneos/StaticFramework.build/Objects-normal/armv7/StaticFramework.d -c /Users/cwiles/Desktop/StaticFramework/StaticFramework/StaticFramework.m -o /Users/cwiles/Desktop/StaticFramework/build/StaticFramework.build/Release-iphoneos/StaticFramework.build/Objects-normal/armv7/StaticFramework.o

Libtool build/Release-iphoneos/libStaticFramework.a normal armv7
    cd /Users/cwiles/Desktop/StaticFramework
    setenv IPHONEOS_DEPLOYMENT_TARGET 5.0
    /Developer/Platforms/iPhoneOS.platform/Developer/usr/bin/libtool -static -arch_only armv7 -syslibroot /Developer/Platforms/iPhoneOS.platform/Developer/SDKs/iPhoneOS5.0.sdk -L/Users/cwiles/Desktop/StaticFramework/build/Release-iphoneos -filelist /Users/cwiles/Desktop/StaticFramework/build/StaticFramework.build/Release-iphoneos/StaticFramework.build/Objects-normal/armv7/StaticFramework.LinkFileList -ObjC -framework Foundation -o /Users/cwiles/Desktop/StaticFramework/build/Release-iphoneos/libStaticFramework.a


** BUILD SUCCEEDED **


PhaseScriptExecution "Build Universal Framework" build/StaticFramework.build/Release-iphoneos/StaticFramework-iOS.build/Script-012521DB14CDC9E200E12214.sh
    cd /Users/cwiles/Desktop/StaticFramework
    setenv ACTION build
    setenv AD_HOC_CODE_SIGNING_ALLOWED NO
    setenv ALTERNATE_GROUP staff
    setenv ALTERNATE_MODE u+w,go-w,a+rX
    setenv ALTERNATE_OWNER cwiles
    setenv ALWAYS_SEARCH_USER_PATHS NO
    setenv APPLE_INTERNAL_DEVELOPER_DIR /AppleInternal/Developer
    setenv APPLE_INTERNAL_DIR /AppleInternal
    setenv APPLE_INTERNAL_DOCUMENTATION_DIR /AppleInternal/Documentation
    setenv APPLE_INTERNAL_LIBRARY_DIR /AppleInternal/Library
    setenv APPLE_INTERNAL_TOOLS /AppleInternal/Developer/Tools
    setenv APPLY_RULES_IN_COPY_FILES NO
    setenv ARCHS armv7
    setenv ARCHS_STANDARD_32_64_BIT armv7
    setenv ARCHS_STANDARD_32_BIT armv7
    setenv ARCHS_UNIVERSAL_IPHONE_OS armv7
    setenv AVAILABLE_PLATFORMS "iphonesimulator macosx iphoneos"
    setenv BUILD_COMPONENTS "headers build"
    setenv BUILD_DIR /Users/cwiles/Desktop/StaticFramework/build
    setenv BUILD_ROOT /Users/cwiles/Desktop/StaticFramework/build
    setenv BUILD_STYLE 
    setenv BUILD_VARIANTS normal
    setenv BUILT_PRODUCTS_DIR /Users/cwiles/Desktop/StaticFramework/build/Release-iphoneos
    setenv CACHE_ROOT /var/folders/9m/1mj32x616fq7lqnkwjlbgsv00000gp/C/com.apple.Xcode.502
    setenv CCHROOT /var/folders/9m/1mj32x616fq7lqnkwjlbgsv00000gp/C/com.apple.Xcode.502
    setenv CHMOD /bin/chmod
    setenv CHOWN /usr/sbin/chown
    setenv CLASS_FILE_DIR /Users/cwiles/Desktop/StaticFramework/build/StaticFramework.build/Release-iphoneos/StaticFramework-iOS.build/JavaClasses
    setenv CLEAN_PRECOMPS YES
    setenv CLONE_HEADERS NO
    setenv CODESIGNING_FOLDER_PATH /Users/cwiles/Desktop/StaticFramework/build/Release-iphoneos/
    setenv CODE_SIGNING_REQUIRED YES
    setenv CODE_SIGN_CONTEXT_CLASS XCiPhoneOSCodeSignContext
    setenv COMMAND_MODE legacy
    setenv COMPOSITE_SDK_DIRS /var/folders/9m/1mj32x616fq7lqnkwjlbgsv00000gp/C/com.apple.Xcode.502/CompositeSDKs
    setenv COMPRESS_PNG_FILES YES
    setenv CONFIGURATION Release
    setenv CONFIGURATION_BUILD_DIR /Users/cwiles/Desktop/StaticFramework/build/Release-iphoneos
    setenv CONFIGURATION_TEMP_DIR /Users/cwiles/Desktop/StaticFramework/build/StaticFramework.build/Release-iphoneos
    setenv COPYING_PRESERVES_HFS_DATA NO
    setenv COPY_PHASE_STRIP YES
    setenv COPY_RESOURCES_FROM_STATIC_FRAMEWORKS YES
    setenv CP /bin/cp
    setenv CURRENT_ARCH armv7
    setenv CURRENT_VARIANT normal
    setenv DEAD_CODE_STRIPPING YES
    setenv DEBUGGING_SYMBOLS YES
    setenv DEBUG_INFORMATION_FORMAT dwarf-with-dsym
    setenv DEFAULT_COMPILER com.apple.compilers.llvm.clang.1_0
    setenv DEPLOYMENT_LOCATION NO
    setenv DEPLOYMENT_POSTPROCESSING NO
    setenv DERIVED_FILES_DIR /Users/cwiles/Desktop/StaticFramework/build/StaticFramework.build/Release-iphoneos/StaticFramework-iOS.build/DerivedSources
    setenv DERIVED_FILE_DIR /Users/cwiles/Desktop/StaticFramework/build/StaticFramework.build/Release-iphoneos/StaticFramework-iOS.build/DerivedSources
    setenv DERIVED_SOURCES_DIR /Users/cwiles/Desktop/StaticFramework/build/StaticFramework.build/Release-iphoneos/StaticFramework-iOS.build/DerivedSources
    setenv DEVELOPER_APPLICATIONS_DIR /Developer/Applications
    setenv DEVELOPER_BIN_DIR /Developer/usr/bin
    setenv DEVELOPER_DIR /Developer
    setenv DEVELOPER_FRAMEWORKS_DIR /Developer/Library/Frameworks
    setenv DEVELOPER_FRAMEWORKS_DIR_QUOTED "\"/Developer/Library/Frameworks\""
    setenv DEVELOPER_LIBRARY_DIR /Developer/Library
    setenv DEVELOPER_SDK_DIR /Developer/SDKs
    setenv DEVELOPER_TOOLS_DIR /Developer/Tools
    setenv DEVELOPER_USR_DIR /Developer/usr
    setenv DEVELOPMENT_LANGUAGE English
    setenv DO_HEADER_SCANNING_IN_JAM NO
    setenv DSTROOT /tmp/StaticFramework.dst
    setenv DWARF_DSYM_FILE_NAME .dSYM
    setenv DWARF_DSYM_FILE_SHOULD_ACCOMPANY_PRODUCT NO
    setenv DWARF_DSYM_FOLDER_PATH /Users/cwiles/Desktop/StaticFramework/build/Release-iphoneos
    setenv EFFECTIVE_PLATFORM_NAME -iphoneos
    setenv EMBEDDED_PROFILE_NAME embedded.mobileprovision
    setenv ENABLE_HEADER_DEPENDENCIES YES
    setenv ENABLE_OPENMP_SUPPORT NO
    setenv ENTITLEMENTS_REQUIRED YES
    setenv EXCLUDED_INSTALLSRC_SUBDIRECTORY_PATTERNS ".DS_Store .svn .git .hg CVS"
    setenv EXCLUDED_RECURSIVE_SEARCH_PATH_SUBDIRECTORIES "*.nib *.lproj *.framework *.gch (*) .DS_Store CVS .svn .git .hg *.xcodeproj *.xcode *.pbproj *.pbxproj"
    setenv FILE_LIST /Users/cwiles/Desktop/StaticFramework/build/StaticFramework.build/Release-iphoneos/StaticFramework-iOS.build/Objects/LinkFileList
    setenv FIXED_FILES_DIR /Users/cwiles/Desktop/StaticFramework/build/StaticFramework.build/Release-iphoneos/StaticFramework-iOS.build/FixedFiles
    setenv FRAMEWORK_VERSION A
    setenv GCC3_VERSION 3.3
    setenv GCC_C_LANGUAGE_STANDARD gnu99
    setenv GCC_PFE_FILE_C_DIALECTS "c objective-c c++ objective-c++"
    setenv GCC_THUMB_SUPPORT YES
    setenv GCC_TREAT_WARNINGS_AS_ERRORS NO
    setenv GCC_VERSION com.apple.compilers.llvm.clang.1_0
    setenv GCC_VERSION_IDENTIFIER com_apple_compilers_llvm_clang_1_0
    setenv GCC_WARN_ABOUT_MISSING_PROTOTYPES YES
    setenv GCC_WARN_ABOUT_RETURN_TYPE YES
    setenv GCC_WARN_UNUSED_VARIABLE YES
    setenv GENERATE_MASTER_OBJECT_FILE NO
    setenv GENERATE_PKGINFO_FILE NO
    setenv GENERATE_PROFILING_CODE NO
    setenv GID 20
    setenv GROUP staff
    setenv HEADERMAP_INCLUDES_FLAT_ENTRIES_FOR_TARGET_BEING_BUILT YES
    setenv HEADERMAP_INCLUDES_FRAMEWORK_ENTRIES_FOR_ALL_PRODUCT_TYPES YES
    setenv HEADERMAP_INCLUDES_NONPUBLIC_NONPRIVATE_HEADERS YES
    setenv HEADERMAP_INCLUDES_PROJECT_HEADERS YES
    setenv ICONV /usr/bin/iconv
    setenv INFOPLIST_EXPAND_BUILD_SETTINGS YES
    setenv INFOPLIST_OUTPUT_FORMAT binary
    setenv INFOPLIST_PREPROCESS NO
    setenv INSTALL_DIR /tmp/StaticFramework.dst
    setenv INSTALL_GROUP staff
    setenv INSTALL_MODE_FLAG u+w,go-w,a+rX
    setenv INSTALL_OWNER cwiles
    setenv INSTALL_ROOT /tmp/StaticFramework.dst
    setenv IPHONEOS_DEPLOYMENT_TARGET 5.0
    setenv JAVAC_DEFAULT_FLAGS "-J-Xms64m -J-XX:NewSize=4M -J-Dfile.encoding=UTF8"
    setenv JAVA_APP_STUB /System/Library/Frameworks/JavaVM.framework/Resources/MacOS/JavaApplicationStub
    setenv JAVA_ARCHIVE_CLASSES YES
    setenv JAVA_ARCHIVE_TYPE JAR
    setenv JAVA_COMPILER /usr/bin/javac
    setenv JAVA_FRAMEWORK_RESOURCES_DIRS Resources
    setenv JAVA_JAR_FLAGS cv
    setenv JAVA_SOURCE_SUBDIR .
    setenv JAVA_USE_DEPENDENCIES YES
    setenv JAVA_ZIP_FLAGS -urg
    setenv JIKES_DEFAULT_FLAGS "+E +OLDCSO"
    setenv KEEP_PRIVATE_EXTERNS NO
    setenv LD_GENERATE_MAP_FILE NO
    setenv LD_MAP_FILE_PATH /Users/cwiles/Desktop/StaticFramework/build/StaticFramework.build/Release-iphoneos/StaticFramework-iOS.build/StaticFramework-iOS-LinkMap-normal-armv7.txt
    setenv LD_NO_PIE NO
    setenv LD_OPENMP_FLAGS -fopenmp
    setenv LEGACY_DEVELOPER_DIR /Developer/Library/Xcode/PrivatePlugIns/Xcode3Core.ideplugin/Contents/SharedSupport/Developer
    setenv LEX /Developer/usr/bin/lex
    setenv LINKER_DISPLAYS_MANGLED_NAMES NO
    setenv LINK_FILE_LIST_normal_armv7 
    setenv LINK_WITH_STANDARD_LIBRARIES YES
    setenv LOCAL_ADMIN_APPS_DIR /Applications/Utilities
    setenv LOCAL_APPS_DIR /Applications
    setenv LOCAL_DEVELOPER_DIR /Library/Developer
    setenv LOCAL_LIBRARY_DIR /Library
    setenv MAC_OS_X_PRODUCT_BUILD_VERSION 11C74
    setenv MAC_OS_X_VERSION_ACTUAL 1072
    setenv MAC_OS_X_VERSION_MAJOR 1070
    setenv MAC_OS_X_VERSION_MINOR 0702
    setenv NATIVE_ARCH armv7
    setenv NATIVE_ARCH_32_BIT i386
    setenv NATIVE_ARCH_64_BIT x86_64
    setenv NATIVE_ARCH_ACTUAL x86_64
    setenv NO_COMMON YES
    setenv OBJECT_FILE_DIR /Users/cwiles/Desktop/StaticFramework/build/StaticFramework.build/Release-iphoneos/StaticFramework-iOS.build/Objects
    setenv OBJECT_FILE_DIR_normal /Users/cwiles/Desktop/StaticFramework/build/StaticFramework.build/Release-iphoneos/StaticFramework-iOS.build/Objects-normal
    setenv OBJROOT /Users/cwiles/Desktop/StaticFramework/build
    setenv ONLY_ACTIVE_ARCH NO
    setenv OPTIMIZATION_LEVEL 0
    setenv OS MACOS
    setenv OSAC /usr/bin/osacompile
    setenv PASCAL_STRINGS YES
    setenv PATH "/Developer/Platforms/iPhoneOS.platform/Developer/usr/bin:/Developer/usr/bin:/Users/cwiles/.rbenv/shims:/usr/local/bin:/usr/bin:/bin:/usr/sbin:/sbin:/usr/X11/bin:/Users/cwiles/bin:/Users/cwiles/Scripts"
    setenv PATH_PREFIXES_EXCLUDED_FROM_HEADER_DEPENDENCIES "/usr/include /usr/local/include /System/Library/Frameworks /System/Library/PrivateFrameworks /Developer/Headers /Developer/SDKs /Developer/Platforms"
    setenv PKGINFO_FILE_PATH /Users/cwiles/Desktop/StaticFramework/build/StaticFramework.build/Release-iphoneos/StaticFramework-iOS.build/PkgInfo
    setenv PLATFORM_DEVELOPER_APPLICATIONS_DIR /Developer/Platforms/iPhoneOS.platform/Developer/Applications
    setenv PLATFORM_DEVELOPER_BIN_DIR /Developer/Platforms/iPhoneOS.platform/Developer/usr/bin
    setenv PLATFORM_DEVELOPER_LIBRARY_DIR /Developer/Library/Xcode/PrivatePlugIns/Xcode3Core.ideplugin/Contents/SharedSupport/Developer/Library
    setenv PLATFORM_DEVELOPER_SDK_DIR /Developer/Platforms/iPhoneOS.platform/Developer/SDKs
    setenv PLATFORM_DEVELOPER_TOOLS_DIR /Developer/Platforms/iPhoneOS.platform/Developer/Tools
    setenv PLATFORM_DEVELOPER_USR_DIR /Developer/Platforms/iPhoneOS.platform/Developer/usr
    setenv PLATFORM_DIR /Developer/Platforms/iPhoneOS.platform
    setenv PLATFORM_NAME iphoneos
    setenv PLATFORM_PREFERRED_ARCH i386
    setenv PLATFORM_PRODUCT_BUILD_VERSION 9A334
    setenv PLIST_FILE_OUTPUT_FORMAT binary
    setenv PRECOMPS_INCLUDE_HEADERS_FROM_BUILT_PRODUCTS_DIR YES
    setenv PRECOMP_DESTINATION_DIR /Users/cwiles/Desktop/StaticFramework/build/StaticFramework.build/Release-iphoneos/StaticFramework-iOS.build/PrefixHeaders
    setenv PRESERVE_DEAD_CODE_INITS_AND_TERMS NO
    setenv PRODUCT_NAME StaticFramework-iOS
    setenv PRODUCT_SETTINGS_PATH 
    setenv PROFILING_CODE NO
    setenv PROJECT StaticFramework
    setenv PROJECT_DERIVED_FILE_DIR /Users/cwiles/Desktop/StaticFramework/build/StaticFramework.build/DerivedSources
    setenv PROJECT_DIR /Users/cwiles/Desktop/StaticFramework
    setenv PROJECT_FILE_PATH /Users/cwiles/Desktop/StaticFramework/StaticFramework.xcodeproj
    setenv PROJECT_NAME StaticFramework
    setenv PROJECT_TEMP_DIR /Users/cwiles/Desktop/StaticFramework/build/StaticFramework.build
    setenv RECURSIVE_SEARCH_PATHS_FOLLOW_SYMLINKS YES
    setenv REMOVE_CVS_FROM_RESOURCES YES
    setenv REMOVE_GIT_FROM_RESOURCES YES
    setenv REMOVE_HG_FROM_RESOURCES YES
    setenv REMOVE_SVN_FROM_RESOURCES YES
    setenv REZ_COLLECTOR_DIR /Users/cwiles/Desktop/StaticFramework/build/StaticFramework.build/Release-iphoneos/StaticFramework-iOS.build/ResourceManagerResources
    setenv REZ_OBJECTS_DIR /Users/cwiles/Desktop/StaticFramework/build/StaticFramework.build/Release-iphoneos/StaticFramework-iOS.build/ResourceManagerResources/Objects
    setenv RUN_CLANG_STATIC_ANALYZER NO
    setenv SCAN_ALL_SOURCE_FILES_FOR_INCLUDES NO
    setenv SCRIPT_INPUT_FILE_COUNT 0
    setenv SCRIPT_OUTPUT_FILE_COUNT 0
    setenv SDKROOT /Developer/Platforms/iPhoneOS.platform/Developer/SDKs/iPhoneOS5.0.sdk
    setenv SDK_DIR /Developer/Platforms/iPhoneOS.platform/Developer/SDKs/iPhoneOS5.0.sdk
    setenv SDK_NAME iphoneos5.0
    setenv SDK_PRODUCT_BUILD_VERSION 9A334
    setenv SED /usr/bin/sed
    setenv SEPARATE_STRIP NO
    setenv SEPARATE_SYMBOL_EDIT NO
    setenv SET_DIR_MODE_OWNER_GROUP YES
    setenv SET_FILE_MODE_OWNER_GROUP NO
    setenv SHARED_DERIVED_FILE_DIR /Users/cwiles/Desktop/StaticFramework/build/Release-iphoneos/DerivedSources
    setenv SHARED_PRECOMPS_DIR /var/folders/9m/1mj32x616fq7lqnkwjlbgsv00000gp/C/com.apple.Xcode.502/SharedPrecompiledHeaders
    setenv SKIP_INSTALL YES
    setenv SOURCE_ROOT /Users/cwiles/Desktop/StaticFramework
    setenv SRCROOT /Users/cwiles/Desktop/StaticFramework
    setenv STRINGS_FILE_OUTPUT_ENCODING binary
    setenv STRIP_INSTALLED_PRODUCT YES
    setenv STRIP_STYLE all
    setenv SUPPORTED_DEVICE_FAMILIES 1,2
    setenv SUPPORTED_PLATFORMS "iphonesimulator iphoneos"
    setenv SYMROOT /Users/cwiles/Desktop/StaticFramework/build
    setenv SYSTEM_ADMIN_APPS_DIR /Applications/Utilities
    setenv SYSTEM_APPS_DIR /Applications
    setenv SYSTEM_CORE_SERVICES_DIR /System/Library/CoreServices
    setenv SYSTEM_DEMOS_DIR /Applications/Extras
    setenv SYSTEM_DEVELOPER_APPS_DIR /Developer/Applications
    setenv SYSTEM_DEVELOPER_BIN_DIR /Developer/usr/bin
    setenv SYSTEM_DEVELOPER_DEMOS_DIR "/Developer/Applications/Utilities/Built Examples"
    setenv SYSTEM_DEVELOPER_DIR /Developer
    setenv SYSTEM_DEVELOPER_DOC_DIR "/Developer/ADC Reference Library"
    setenv SYSTEM_DEVELOPER_GRAPHICS_TOOLS_DIR "/Developer/Applications/Graphics Tools"
    setenv SYSTEM_DEVELOPER_JAVA_TOOLS_DIR "/Developer/Applications/Java Tools"
    setenv SYSTEM_DEVELOPER_PERFORMANCE_TOOLS_DIR "/Developer/Applications/Performance Tools"
    setenv SYSTEM_DEVELOPER_RELEASENOTES_DIR "/Developer/ADC Reference Library/releasenotes"
    setenv SYSTEM_DEVELOPER_TOOLS /Developer/Tools
    setenv SYSTEM_DEVELOPER_TOOLS_DOC_DIR "/Developer/ADC Reference Library/documentation/DeveloperTools"
    setenv SYSTEM_DEVELOPER_TOOLS_RELEASENOTES_DIR "/Developer/ADC Reference Library/releasenotes/DeveloperTools"
    setenv SYSTEM_DEVELOPER_USR_DIR /Developer/usr
    setenv SYSTEM_DEVELOPER_UTILITIES_DIR /Developer/Applications/Utilities
    setenv SYSTEM_DOCUMENTATION_DIR /Library/Documentation
    setenv SYSTEM_LIBRARY_DIR /System/Library
    setenv TARGETED_DEVICE_FAMILY 1
    setenv TARGETNAME StaticFramework-iOS
    setenv TARGET_BUILD_DIR /Users/cwiles/Desktop/StaticFramework/build/Release-iphoneos
    setenv TARGET_NAME StaticFramework-iOS
    setenv TARGET_TEMP_DIR /Users/cwiles/Desktop/StaticFramework/build/StaticFramework.build/Release-iphoneos/StaticFramework-iOS.build
    setenv TEMP_DIR /Users/cwiles/Desktop/StaticFramework/build/StaticFramework.build/Release-iphoneos/StaticFramework-iOS.build
    setenv TEMP_FILES_DIR /Users/cwiles/Desktop/StaticFramework/build/StaticFramework.build/Release-iphoneos/StaticFramework-iOS.build
    setenv TEMP_FILE_DIR /Users/cwiles/Desktop/StaticFramework/build/StaticFramework.build/Release-iphoneos/StaticFramework-iOS.build
    setenv TEMP_ROOT /Users/cwiles/Desktop/StaticFramework/build
    setenv TEST_AFTER_BUILD YES
    setenv UID 502
    setenv UNSTRIPPED_PRODUCT NO
    setenv USER cwiles
    setenv USER_APPS_DIR /Users/cwiles/Applications
    setenv USER_LIBRARY_DIR /Users/cwiles/Library
    setenv USE_DYNAMIC_NO_PIC YES
    setenv USE_HEADERMAP YES
    setenv USE_HEADER_SYMLINKS NO
    setenv VALIDATE_PRODUCT YES
    setenv VALID_ARCHS armv7
    setenv VERBOSE_PBXCP NO
    setenv VERSION_INFO_BUILDER cwiles
    setenv VERSION_INFO_FILE StaticFramework-iOS_vers.c
    setenv VERSION_INFO_STRING "\"@(#)PROGRAM:StaticFramework-iOS  PROJECT:StaticFramework-\""
    setenv XCODE_APP_SUPPORT_DIR /Developer/Library/Xcode
    setenv XCODE_PRODUCT_BUILD_VERSION 4D502
    setenv XCODE_VERSION_ACTUAL 0421
    setenv XCODE_VERSION_MAJOR 0400
    setenv XCODE_VERSION_MINOR 0420
    setenv YACC /Developer/usr/bin/yacc
    /bin/sh -c /Users/cwiles/Desktop/StaticFramework/build/StaticFramework.build/Release-iphoneos/StaticFramework-iOS.build/Script-012521DB14CDC9E200E12214.sh

PBXCp StaticFramework/StaticFramework.h build/Release-iphoneuniversal/StaticFramework-iOS.framework/Versions/A/Headers/StaticFramework.h
    cd /Users/cwiles/Desktop/StaticFramework
    setenv PATH "/Developer/Platforms/iPhoneOS.platform/Developer/usr/bin:/Developer/usr/bin:/Users/cwiles/.rbenv/shims:/usr/local/bin:/usr/bin:/bin:/usr/sbin:/sbin:/usr/X11/bin:/Users/cwiles/bin:/Users/cwiles/Scripts"
    builtin-copy -exclude .DS_Store -exclude CVS -exclude .svn -exclude .git -exclude .hg -strip-debug-symbols -resolve-src-symlinks /Users/cwiles/Desktop/StaticFramework/StaticFramework/StaticFramework.h /Users/cwiles/Desktop/StaticFramework/build/Release-iphoneuniversal/StaticFramework-iOS.framework/Versions/A/Headers


** BUILD SUCCEEDED **

